// Jest Snapshot v1, https://goo.gl/fbAQLP

exports[`<BodyMarkdown /> Should match the snapshot 1`] = `
preact-render-spy (1 nodes)
-------
<div class="field">
  <label
    class="listingform__label"
    htmlFor="body_markdown"
  >
    Body Markdown
    <textarea
      class="listingform__input listingform__bodymarkdown"
      id="body_markdown"
      name="classified_listing[body_markdown]"
      maxLength="400"
      placeholder="400 characters max, 12 line break max, no images allowed, *markdown is encouraged*"
      onInput={[Function onChange]}
    >
    </textarea>
  </label>
</div>

`;
